backtesting_results/TSLA_BollingerKeltnerChaikinSMAStrategy_Strategy1Backtesting_backtesting_results.csv
type,price,quantity,date,balance,profit,Metric,Value
long,23.30266761779785,85.82708352551286,2018-08-02,98000.0,0.0,,
long,22.54599952697754,88.5468039421684,2018-11-21,97822.43378997958,0.0,,
long,21.32533264160156,93.93643000486027,2019-02-28,98158.05523389018,0.0,,
long,16.142000198364258,124.73205429073245,2019-09-27,98657.81741006585,0.0,,
long,54.62799835205078,37.05600198715865,2020-05-08,99190.46555891656,0.0,,
long,108.06666564941406,18.789461457375054,2020-08-13,99495.20800328841,0.0,,
long,143.00332641601562,14.241180762650727,2020-09-30,99790.2748363904,0.0,,
long,283.3299865722656,7.180156073082005,2021-02-04,99683.32266488169,0.0,,
long,230.3500061035156,8.83699320468481,2021-04-05,99744.47049315771,0.0,,
long,236.5800018310547,8.64186776330422,2021-08-03,100180.161472046,0.0,,
long,236.163330078125,8.646373738083241,2021-08-24,100055.86433920343,0.0,,
long,260.4366760253906,7.857324663755082,2021-09-29,100270.44037615399,0.0,,
long,350.5833435058594,5.849776196180647,2021-12-07,100490.87078328196,0.0,,
long,302.6099853515625,6.76923360481861,2022-09-14,100373.44641777774,0.0,,
long,202.77000427246097,10.000661355952676,2023-03-01,99363.87314782401,0.0,,
long,197.7899932861328,10.240457331239163,2023-03-03,99247.53935284347,0.0,,
long,193.8800048828125,10.436328978678725,2023-03-29,99146.38015389857,0.0,,
long,185.0,10.922222153258497,2023-04-14,99009.94381928828,0.0,,
long,258.8699951171875,7.804362572071653,2023-10-12,98995.44974532253,0.0,,
long,243.83999633789065,8.284200181312244,2023-12-08,98980.94775180299,0.0,,
full_exit,20.36666679382324,85.82708352551286,2018-08-17,99748.01161204976,-251.98838795024494,,
full_exit,18.62933349609375,24.25463766564618,2018-09-11,99517.85115908556,-230.1604529641918,,
full_exit,18.439332962036133,115.36963423837601,2018-10-16,99654.83323533359,136.98207624802308,,
full_exit,19.60933303833008,110.00238585023597,2018-10-23,99818.80998977508,163.97675444149354,,
full_exit,24.38066673278809,44.2734019710842,2018-12-14,100013.96718754825,195.15719777316554,,
full_exit,20.584667205810547,104.32974143516189,2019-01-30,100161.28085090834,147.31366336009523,,
full_exit,19.652666091918945,93.93643000486027,2019-03-01,100004.1565266426,-157.1243242657365,,
full_exit,18.224000930786133,105.87678744170961,2019-04-16,99933.57206899612,-70.58445764648786,,
full_exit,17.00200080871582,127.49881902900266,2019-05-03,100102.6356518576,169.06358286149043,,
full_exit,12.54800033569336,35.57644541652443,2019-05-30,99892.40247900071,-210.233172856897,,
full_exit,13.105999946594238,161.84770510421373,2019-06-05,100015.73044387292,123.32796487220912,,
full_exit,14.473333358764648,145.68934272168585,2019-06-11,100124.02625902573,108.29581515281461,,
full_exit,15.001999855041504,143.5401239561224,2019-06-17,100274.9346526276,150.90839360187238,,
full_exit,15.65999984741211,135.59217782227955,2019-07-03,100392.80944358223,117.87479095462186,,
full_exit,15.121999740600586,139.66723235921637,2019-08-19,100497.00110621705,104.19166263482475,,
full_exit,16.17066764831543,135.0705622413837,2019-09-26,100671.24225516923,174.24114895217645,,
full_exit,21.847333908081055,62.366027145366225,2019-10-28,101266.33887477075,595.0966196015215,,
full_exit,28.50200080871582,17.06467616513252,2020-03-20,101035.77234462158,-230.5665301491681,,
full_exit,33.66666793823242,69.7937578737808,2020-03-24,101364.78016822712,329.0078236055415,,
full_exit,34.41600036621094,14.780228067737053,2020-04-06,101214.76077440465,-150.01939382246928,,
full_exit,62.711334228515625,18.528000993579326,2020-06-09,101525.72245233512,310.96167793046334,,
full_exit,125.80599975585938,9.394730728687527,2020-08-18,101826.81105754121,301.08860520609596,,
full_exit,135.33999633789062,14.241180762650727,2020-10-28,101717.67618865479,-109.13486888642365,,
full_exit,268.2733459472656,7.180156073082005,2021-02-10,101609.56715903098,-108.10902962381078,,
full_exit,224.52667236328125,9.81039843845052,2021-03-09,101780.07193179359,170.5047727626079,,
full_exit,244.07666015625,4.418496602342405,2021-04-14,101945.6918633294,165.61993153580988,,
full_exit,202.14666748046875,10.699402337662463,2021-05-24,102069.62655265401,123.9346893246111,,
full_exit,236.55667114257812,9.284965548012313,2021-08-02,102224.65456331224,155.02801065823587,,
full_exit,221.90333557128903,8.64186776330422,2021-08-17,102097.8207542892,-126.83380902303907,,
full_exit,259.1866760253906,4.323186869041621,2021-09-28,102316.77589403468,218.95513974547794,,
full_exit,288.0899963378906,3.928662331877541,2021-10-19,102541.70488089997,224.92898686528497,,
full_exit,322.13665771484375,5.849776196180647,2021-12-13,102375.29813549946,-166.4067454005126,,
full_exit,312.239990234375,7.257656813177463,2022-01-31,102593.92286526045,218.62472976099525,,
full_exit,269.9566650390625,1.6960664149601326,2022-02-25,102316.53691737998,-277.3859478804661,,
full_exit,342.7166748046875,6.290402243106659,2022-04-19,102426.03191897384,109.49500159385207,,
full_exit,221.3000030517578,1.9203921316193235,2022-05-20,102165.35793908453,-260.67397988931043,,
full_exit,253.2100067138672,9.082711024407633,2022-05-27,102421.8840997732,256.5261606886779,,
full_exit,275.3299865722656,6.76923360481861,2022-09-23,102237.21941529698,-184.664684476229,,
full_exit,216.5,2.0493348784205656,2022-10-11,102007.3660390988,-229.85337619818165,,
full_exit,228.52000427246097,9.39121372304593,2022-10-28,102113.29891843087,105.93287933207466,,
full_exit,183.1999969482422,2.6770474587052964,2022-11-23,101915.11705748229,-198.1818609485781,,
full_exit,194.6999969482422,11.271925678870394,2022-11-30,102071.45861160953,156.34155412724067,,
full_exit,125.3499984741211,3.236870038592844,2022-12-22,101773.14873108512,-298.3098805244081,,
full_exit,121.81999969482422,4.132080693060258,2022-12-29,101608.40263097844,-164.74610010668403,,
full_exit,110.33999633789062,4.1243871723999765,2023-01-05,101391.70729369797,-216.695337280471,,
full_exit,190.8999938964844,10.000661355952676,2023-03-02,101272.99933963618,-118.70795406178513,,
full_exit,187.7100067138672,10.240457331239163,2023-03-07,101169.77566724343,-103.223672392749,,
full_exit,180.5399932861328,10.436328978678725,2023-04-12,101030.5549176411,-139.22074960233294,,
full_exit,162.99000549316406,10.922222153258497,2023-04-20,100790.15686804544,-240.3980495956639,,
full_exit,171.7899932861328,12.401126419659638,2023-05-08,100904.74315505834,114.58628701290581,,
full_exit,231.27999877929688,9.205797152922278,2023-08-21,101015.76504624748,111.02189118914248,,
full_exit,242.67999267578125,7.804362572071653,2023-10-18,100889.41239715203,-126.35264909545367,,
full_exit,223.7100067138672,9.518317824696254,2023-11-13,101000.96709367652,111.55469652448664,,
full_exit,240.4499969482422,8.284200181312244,2024-01-08,100972.88366011814,-28.0834335583786,,
full_exit,190.92999267578125,2.2957774084543807,2024-01-29,100651.01563942822,-321.8680206899153,,
full_exit,202.0399932861328,10.506917643227965,2024-02-28,100760.81289673538,109.79725730716018,,
full_exit,171.75999450683594,11.336087132259202,2024-04-10,100692.68290236653,-68.12999436885002,,
full_exit,162.1300048828125,13.695026292100831,2024-04-24,100899.20392392775,206.5210215612169,,
full_exit,178.0800018310547,11.211645185238895,2024-05-31,100877.78964056568,-21.41428336207173,,
short,20.562667846679688,97.01855066258472,2018-08-20,97753.05137980876,0.0,,
short,17.25200080871582,115.36963423837601,2018-10-12,97527.49413590385,0.0,,
short,18.118667602539062,110.00238585023597,2018-10-17,97661.73657062692,0.0,,
short,19.172666549682617,104.32974143516189,2019-01-23,98013.68784379728,0.0,,
short,18.89066696166992,105.87678744170961,2019-03-12,98004.07339610976,0.0,,
short,15.675999641418455,127.49881902900266,2019-04-26,97934.9006276162,0.0,,
short,14.0686674118042,142.30578166609772,2019-05-17,98100.58293882046,0.0,,
short,12.343999862670898,161.84770510421373,2019-05-31,97894.55442942069,0.0,,
short,13.729999542236328,145.68934272168585,2019-06-06,98015.41583499547,0.0,,
short,13.95066738128662,143.5401239561224,2019-06-12,98121.54573384523,0.0,,
short,14.790666580200195,135.59217782227955,2019-06-21,98269.43595957506,0.0,,
short,14.37600040435791,139.66723235921637,2019-08-15,98384.95325471058,0.0,,
short,14.880666732788086,135.0705622413837,2019-09-24,98487.06108409271,0.0,,
short,29.67133331298828,68.25870466053009,2020-03-16,99241.01209727534,0.0,,
short,28.952667236328125,69.7937578737808,2020-03-23,99015.05689772916,0.0,,
short,34.29066848754883,59.12091227094821,2020-03-27,99337.48456486258,0.0,,
short,207.14666748046875,9.81039843845052,2021-03-04,99577.37581585036,0.0,,
short,190.56333923339844,10.699402337662463,2021-05-13,99906.7780260628,0.0,,
short,219.86000061035156,9.284965548012313,2021-07-06,100028.23402160093,0.0,,
short,282.1166687011719,7.257656813177463,2022-01-28,100327.79217278947,0.0,,
short,302.4466552734375,6.78426565984053,2022-02-07,100542.04440795524,0.0,,
short,325.30999755859375,6.290402243106659,2022-04-11,100270.20617903238,0.0,,
short,266.67999267578125,7.681568526477294,2022-05-10,100377.51128059436,0.0,,
short,224.96665954589844,9.082711024407633,2022-05-23,100122.05078030283,0.0,,
short,249.44000244140625,8.197339513682262,2022-10-04,100192.47502699103,0.0,,
short,217.2400054931641,9.39121372304593,2022-10-12,99967.21871831681,0.0,,
short,190.72000122070312,10.708189834821185,2022-11-10,100071.03294006226,0.0,,
short,180.8300018310547,11.271925678870394,2022-11-29,99876.81471633265,0.0,,
short,157.6699981689453,12.947480154371377,2022-12-15,100030.02943937734,0.0,,
short,123.1500015258789,16.528322772241033,2022-12-23,99737.68575646343,0.0,,
short,123.18000030517578,16.497548689599906,2022-12-30,99576.23457835887,0.0,,
short,162.5500030517578,12.401126419659638,2023-04-24,98774.35373068452,0.0,,
short,219.22000122070312,9.205797152922278,2023-08-17,98886.64829195717,0.0,,
short,211.9900054931641,9.518317824696254,2023-10-20,98871.62414920899,0.0,,
short,219.91000366210935,9.183109633817523,2024-01-16,98953.42598691578,0.0,,
short,191.58999633789065,10.506917643227965,2024-01-30,98637.99532663966,0.0,,
short,177.77000427246094,11.336087132259202,2024-03-11,98745.59663880068,0.0,,
short,147.0500030517578,13.695026292100831,2024-04-19,98678.8292443192,0.0,,
short,179.99000549316406,11.211645185238895,2024-05-01,98881.2198454492,0.0,,
partial_exit,17.549333572387695,48.50927533129236,2018-09-07,98604.3568339524,0.0,,
partial_exit,19.03333282470703,24.25463766564618,2018-09-10,99066.00342518532,0.0,,
partial_exit,25.11933326721191,44.2734019710842,2018-12-13,98934.55212896448,0.0,,
partial_exit,12.579999923706056,71.15289083304886,2019-05-28,98995.68630007168,0.0,,
partial_exit,12.657333374023438,35.57644541652443,2019-05-29,99445.98922997138,0.0,,
partial_exit,19.978666305541992,62.366027145366225,2019-10-24,99903.80745520549,0.0,,
partial_exit,24.08133316040039,34.12935233026504,2020-03-18,100062.89240128914,0.0,,
partial_exit,28.50933265686035,17.06467616513252,2020-03-19,100549.3949307625,0.0,,
partial_exit,30.29800033569336,29.560456135474105,2020-04-02,100233.10727477842,0.0,,
partial_exit,32.000667572021484,14.780228067737053,2020-04-03,100706.08443981274,0.0,,
partial_exit,63.327999114990234,18.528000993579326,2020-06-08,100363.8067894405,0.0,,
partial_exit,122.3759994506836,9.394730728687527,2020-08-17,100644.89756578159,0.0,,
partial_exit,254.1066741943359,4.418496602342405,2021-04-13,100867.23996971792,0.0,,
partial_exit,263.78668212890625,4.323186869041621,2021-09-27,101196.26345961117,0.0,,
partial_exit,290.03668212890625,3.928662331877541,2021-10-18,101409.89656409656,0.0,,
partial_exit,254.67999267578125,3.392132829920265,2022-02-23,101405.95277223461,0.0,,
partial_exit,266.92333984375,1.6960664149601326,2022-02-24,101858.67248431258,0.0,,
partial_exit,236.60333251953125,3.840784263238647,2022-05-18,101286.2536367652,0.0,,
partial_exit,236.47332763671875,1.9203921316193235,2022-05-19,101740.37515449659,0.0,,
partial_exit,223.07000732421875,4.098669756841131,2022-10-07,101106.76531966914,0.0,,
partial_exit,222.9600067138672,2.0493348784205656,2022-10-10,101563.68503792075,0.0,,
partial_exit,167.8699951171875,5.354094917410593,2022-11-21,100969.82482770493,0.0,,
partial_exit,169.91000366210938,2.6770474587052964,2022-11-22,101424.68197121719,0.0,,
partial_exit,137.8000030517578,6.473740077185688,2022-12-20,100922.11084176981,0.0,,
partial_exit,137.57000732421875,3.236870038592844,2022-12-21,101367.40707668658,0.0,,
partial_exit,109.0999984741211,8.264161386120517,2022-12-27,100639.30575107907,0.0,,
partial_exit,112.70999908447266,4.132080693060258,2022-12-28,101105.03256221085,0.0,,
partial_exit,108.0999984741211,8.248774344799953,2023-01-03,100467.9270724451,0.0,,
partial_exit,113.63999938964844,4.1243871723999765,2023-01-04,100936.6224281993,0.0,,
partial_exit,182.6300048828125,4.591554816908761,2024-01-25,99791.98166554753,0.0,,
partial_exit,183.25,2.2957774084543807,2024-01-26,100212.6828756468,0.0,,
